// Jest Snapshot v1, https://goo.gl/fbAQLP

exports[`create tests for NotConnectedPatients should create snapshots 1`] = `
<div>
  <div
    class="not-connected-patients-container"
  >
    <div
      class="alignment"
    >
      <svg>
        UserDelete.svg
      </svg>
      <div
        class="no-of-patients-text"
      >
        0
      </div>
    </div>
    <div
      class="alignment"
    >
      <div
        class="sites-text"
      >
        Not connected to sites
      </div>
      <span
        aria-label="info-circle"
        class="anticon anticon-info-circle"
        role="img"
      >
        <svg
          aria-hidden="true"
          data-icon="info-circle"
          fill="currentColor"
          focusable="false"
          height="1em"
          viewBox="64 64 896 896"
          width="1em"
        >
          <path
            d="M512 64C264.6 64 64 264.6 64 512s200.6 448 448 448 448-200.6 448-448S759.4 64 512 64zm32 664c0 4.4-3.6 8-8 8h-48c-4.4 0-8-3.6-8-8V456c0-4.4 3.6-8 8-8h48c4.4 0 8 3.6 8 8v272zm-32-344a48.01 48.01 0 010-96 48.01 48.01 0 010 96z"
          />
        </svg>
      </span>
    </div>
  </div>
</div>
`;
