// Jest Snapshot v1, https://goo.gl/fbAQLP

exports[`create testcases for Weight should create snapshots for weight 1`] = `
<div>
  <div
    class="weight_container"
  >
    <div
      class="ant-space ant-space-horizontal ant-space-align-center condition-container"
      style="border: 2px solid #d3d6d9; display: flex; flex-direction: column; margin-bottom: 0.5rem; padding: 20px 30px 12px 20px;"
    >
      <div
        class="ant-space-item"
      >
        <div
          class="ant-row weight_range-wrapper"
          style="margin-left: -16px; margin-right: -16px;"
        >
          <div
            class="ant-col weight_range-wrapper_drag-icon ant-col-sm-1 ant-col-md-2 ant-col-lg-1 ant-col-xl-1"
            style="padding-left: 16px; padding-right: 16px;"
          >
            <svg>
              Drag.svg
            </svg>
          </div>
          <div
            class="ant-col"
            style="padding-left: 16px; padding-right: 16px;"
          >
            <div
              class="ant-row"
              style="margin-left: -16px; margin-right: -16px;"
            >
              <div
                class="ant-col weight_range-wrapper_Input-box ant-col-sm-8 ant-col-md-8 ant-col-lg-8 ant-col-xl-8 ant-col-xxl-8"
                style="padding-left: 16px; padding-right: 16px;"
              >
                <div>
                  <span
                    class="ant-typography input-lable"
                  >
                    Weight Range
                  </span>
                  <input
                    class="ant-input"
                    name="min"
                    placeholder=""
                    style="border-radius: 0px; width: 100px;"
                    type="number"
                    value="10"
                  />
                </div>
              </div>
              <div
                class="ant-col weight_range-wrapper_Input-box1 ant-col-sm-8 ant-col-md-8 ant-col-lg-8 ant-col-xl-8 ant-col-xxl-8"
                style="padding-left: 16px; padding-right: 16px;"
              >
                <div>
                  <input
                    class="ant-input"
                    name="max"
                    placeholder=""
                    style="border-radius: 0px; width: 100px;"
                    type="number"
                    value="30"
                  />
                </div>
              </div>
              <div
                class="ant-col ant-col-md-8"
                style="padding-left: 16px; padding-right: 16px;"
              >
                <div
                  class="alignment"
                >
                  <div
                    aria-label="weight-unit"
                    class="ant-select weight_range-wrapper_Input-box1 ant-select-single ant-select-show-arrow"
                  >
                    <div
                      class="ant-select-selector"
                    >
                      <span
                        class="ant-select-selection-search"
                      >
                        <input
                          aria-activedescendant="rc_select_TEST_OR_SSR_list_0"
                          aria-autocomplete="list"
                          aria-controls="rc_select_TEST_OR_SSR_list"
                          aria-haspopup="listbox"
                          aria-label="weight-unit"
                          aria-owns="rc_select_TEST_OR_SSR_list"
                          autocomplete="off"
                          class="ant-select-selection-search-input"
                          id="rc_select_TEST_OR_SSR"
                          readonly=""
                          role="combobox"
                          style="opacity: 0;"
                          type="search"
                          unselectable="on"
                          value=""
                        />
                      </span>
                      <span
                        class="ant-select-selection-item"
                        title="Kg"
                      >
                        Kg
                      </span>
                    </div>
                    <span
                      aria-hidden="true"
                      class="ant-select-arrow"
                      style="user-select: none;"
                      unselectable="on"
                    >
                      <span
                        aria-label="down"
                        class="anticon anticon-down ant-select-suffix"
                        role="img"
                      >
                        <svg
                          aria-hidden="true"
                          data-icon="down"
                          fill="currentColor"
                          focusable="false"
                          height="1em"
                          viewBox="64 64 896 896"
                          width="1em"
                        >
                          <path
                            d="M884 256h-75c-5.1 0-9.9 2.5-12.9 6.6L512 654.2 227.9 262.6c-3-4.1-7.8-6.6-12.9-6.6h-75c-6.5 0-10.3 7.4-6.5 12.7l352.6 486.1c12.8 17.6 39 17.6 51.7 0l352.6-486.1c3.9-5.3.1-12.7-6.4-12.7z"
                          />
                        </svg>
                      </span>
                    </span>
                  </div>
                </div>
              </div>
            </div>
          </div>
        </div>
      </div>
    </div>
  </div>
</div>
`;
