// Jest Snapshot v1, https://goo.gl/fbAQLP

exports[`write testcases for Alertmessagemodal create snapshots for segments 1`] = `<div />`;
