// Jest Snapshot v1, https://goo.gl/fbAQLP

exports[`Test cases for BMI Create the snapshots for BMI 1`] = `
<div>
  <div
    class="bmi_container"
  >
    <div
      class="ant-space ant-space-horizontal ant-space-align-center condition-container"
      style="border: 2px solid #d3d6d9; display: flex; flex-direction: column; margin-bottom: 0.5rem; padding: 20px 30px 12px 20px;"
    >
      <div
        class="ant-space-item"
      >
        <div
          class="ant-row bmi-wrapper"
          style="margin-left: -16px; margin-right: -16px;"
        >
          <div
            class="ant-col bmi_drag-icon"
            style="padding-left: 16px; padding-right: 16px;"
          >
            <svg>
              Drag.svg
            </svg>
          </div>
          <div
            class="ant-col"
            style="padding-left: 16px; padding-right: 16px;"
          >
            <span
              class="ant-typography bmi-wrapper-title"
            >
              BMI Range
            </span>
          </div>
          <div
            class="ant-col"
            style="padding-left: 16px; padding-right: 16px;"
          >
            <div
              class="condition-container-select"
            >
              <div
                class="alignment"
              >
                <span
                  class="ant-typography select-lable"
                >
                  Select type
                </span>
                <div
                  class="ant-select ant-select-single ant-select-show-arrow"
                  name="range"
                >
                  <div
                    class="ant-select-selector"
                  >
                    <span
                      class="ant-select-selection-search"
                    >
                      <input
                        aria-activedescendant="rc_select_TEST_OR_SSR_list_0"
                        aria-autocomplete="list"
                        aria-controls="rc_select_TEST_OR_SSR_list"
                        aria-haspopup="listbox"
                        aria-owns="rc_select_TEST_OR_SSR_list"
                        autocomplete="off"
                        class="ant-select-selection-search-input"
                        id="rc_select_TEST_OR_SSR"
                        readonly=""
                        role="combobox"
                        style="opacity: 0;"
                        type="search"
                        unselectable="on"
                        value=""
                      />
                    </span>
                    <span
                      class="ant-select-selection-item"
                      title="Underweight (<18.5)"
                    >
                      Underweight (&lt;18.5)
                    </span>
                  </div>
                  <span
                    aria-hidden="true"
                    class="ant-select-arrow"
                    style="user-select: none;"
                    unselectable="on"
                  >
                    <span
                      aria-label="down"
                      class="anticon anticon-down ant-select-suffix"
                      role="img"
                    >
                      <svg
                        aria-hidden="true"
                        data-icon="down"
                        fill="currentColor"
                        focusable="false"
                        height="1em"
                        viewBox="64 64 896 896"
                        width="1em"
                      >
                        <path
                          d="M884 256h-75c-5.1 0-9.9 2.5-12.9 6.6L512 654.2 227.9 262.6c-3-4.1-7.8-6.6-12.9-6.6h-75c-6.5 0-10.3 7.4-6.5 12.7l352.6 486.1c12.8 17.6 39 17.6 51.7 0l352.6-486.1c3.9-5.3.1-12.7-6.4-12.7z"
                        />
                      </svg>
                    </span>
                  </span>
                </div>
              </div>
            </div>
          </div>
        </div>
      </div>
    </div>
  </div>
</div>
`;
