// Jest Snapshot v1, https://goo.gl/fbAQLP

exports[`Test cases for save and close modal Create the snapshots for save and close modal 1`] = `<div />`;
