// Jest Snapshot v1, https://goo.gl/fbAQLP

exports[`test cases for PatientSegment  should create snapshots 1`] = `
<div>
  <div
    class="patient-segment"
  >
    <div
      class="ant-row"
    >
      <span
        class="ant-typography patient-segment-title"
      >
        Patient segment
      </span>
    </div>
    <div
      class="ant-row"
    >
      <h2
        class="ant-typography"
      >
        0
      </h2>
    </div>
    <div
      class="ant-row"
    >
      <span
        class="ant-typography patient-segment-title"
      >
        Breakdown
      </span>
    </div>
    <div
      class="ant-row site-country-container"
    >
      <div
        class="ant-col ant-col-12"
      >
        <div
          class="site-container"
        >
          <div
            class="ant-row ant-row-middle"
            style="margin-bottom: 10px;"
          >
            <div
              class="ant-col ant-col-12"
            >
              <div
                class="site-container-icon"
              >
                <svg>
                  UserAdd.svg
                </svg>
              </div>
            </div>
            <div
              class="ant-col ant-col-12"
            >
              <span
                class="ant-typography no-of-patients"
              >
                0
              </span>
            </div>
          </div>
          <div
            class="ant-row ant-row-middle"
          >
            <div
              class="ant-col ant-col-24"
            >
              <span
                class="ant-typography patient-segment-title-small"
              >
                Connected to sites
              </span>
            </div>
          </div>
        </div>
      </div>
      <div
        class="ant-col ant-col-12"
      >
        <div
          class="site-container"
        >
          <div
            class="ant-row ant-row-middle"
            style="margin-bottom: 10px;"
          >
            <div
              class="ant-col ant-col-12"
            >
              <div
                class="site-container-icon-grey-bg"
              >
                <svg>
                  UserDelete.svg
                </svg>
              </div>
            </div>
            <div
              class="ant-col ant-col-12"
            >
              <span
                class="ant-typography no-of-patients"
              >
                0
              </span>
            </div>
          </div>
          <div
            class="ant-row ant-row-middle"
          >
            <div
              class="ant-col ant-col-22"
            >
              <span
                class="ant-typography patient-segment-title-small"
              >
                Not connected to sites
              </span>
            </div>
            <div
              class="ant-col ant-col-2"
            >
              <span
                aria-label="info-circle"
                class="anticon anticon-info-circle"
                role="img"
              >
                <svg
                  aria-hidden="true"
                  data-icon="info-circle"
                  fill="currentColor"
                  focusable="false"
                  height="1em"
                  viewBox="64 64 896 896"
                  width="1em"
                >
                  <path
                    d="M512 64C264.6 64 64 264.6 64 512s200.6 448 448 448 448-200.6 448-448S759.4 64 512 64zm32 664c0 4.4-3.6 8-8 8h-48c-4.4 0-8-3.6-8-8V456c0-4.4 3.6-8 8-8h48c4.4 0 8 3.6 8 8v272zm-32-344a48.01 48.01 0 010-96 48.01 48.01 0 010 96z"
                  />
                </svg>
              </span>
            </div>
          </div>
        </div>
      </div>
    </div>
  </div>
</div>
`;
