// Jest Snapshot v1, https://goo.gl/fbAQLP

exports[`Test cases for AddCriteria Create the snapshots for AddCriteria 1`] = `
<div>
  <div
    class="AddCriteria-container"
  />
</div>
`;
