// Jest Snapshot v1, https://goo.gl/fbAQLP

exports[`SetupPassword component test SnapShot test 1`] = `
<div>
  <div
    class="setup-password-component"
  >
    <div
      class="setup-password-component-logo"
    >
      <svg>
        WhyzeLogo.svg
      </svg>
      WHYZE
    </div>
    <div
      class="setup-password-component-title"
    >
      Create a new password
    </div>
    <div
      class="setup-password-component-description"
    >
      Choose a strong password
    </div>
    <div
      class="setup-password-component-input-box"
    >
      <div>
        <span
          class="ant-typography input-lable"
        >
          Password
        </span>
        <span
          class="ant-input-affix-wrapper"
          style="border-radius: 0px;"
        >
          <input
            class="ant-input"
            name="password"
            placeholder=""
            type="password"
            value=""
          />
          <span
            class="ant-input-suffix"
          >
            <svg>
              ShowpassIcon.svg
            </svg>
          </span>
        </span>
      </div>
    </div>
    <div
      class="setup-password-component-input-box"
    >
      <div>
        <span
          class="ant-typography input-lable"
        >
          Confirm Password
        </span>
        <span
          class="ant-input-affix-wrapper"
          style="border-radius: 0px;"
        >
          <input
            class="ant-input"
            name="confirmPassword"
            placeholder=""
            type="password"
            value=""
          />
          <span
            class="ant-input-suffix"
          >
            <svg>
              ShowpassIcon.svg
            </svg>
          </span>
        </span>
      </div>
    </div>
    <div
      class="setup-password-component-button-group"
    >
      <button
        class="ant-btn ant-btn-default ant-btn-lg"
        type="button"
      >
        <span>
          Change Password
        </span>
      </button>
    </div>
  </div>
</div>
`;
