// Jest Snapshot v1, https://goo.gl/fbAQLP

exports[`test cases for PreferredList  should PreferredList Snapshot test 1`] = `
<div>
  <div
    class="ant-row"
  >
    <div
      class="ant-col ant-col-21"
    >
      <div
        class="ant-card ant-card-bordered ant-card-contain-tabs card-head-preferred-list"
        id="card_hoc"
      >
        <div
          class="ant-card-head"
        >
          <div
            class="ant-card-head-wrapper"
          >
            <div
              class="ant-card-head-title"
            >
              <div
                class="ant-space ant-space-horizontal ant-space-align-center"
              >
                <div
                  class="ant-space-item"
                >
                  <div
                    class="ant-space ant-space-horizontal ant-space-align-center"
                  >
                    <div
                      class="ant-space-item"
                      style="margin-right: 20px;"
                    >
                      <div />
                    </div>
                    <div
                      class="ant-space-item"
                    >
                      <div
                        style="font-weight: 700; font-size: 24px;"
                      >
                        <div
                          class="preferred-list-title-component"
                        >
                          <div
                            class="preferred-list-title-component-title"
                          >
                            Preferred List
                          </div>
                        </div>
                      </div>
                    </div>
                  </div>
                </div>
              </div>
            </div>
          </div>
          <div
            class="ant-tabs ant-tabs-top ant-tabs-large ant-card-head-tabs"
          >
            <div
              class="ant-tabs-nav"
              role="tablist"
            >
              <div
                class="ant-tabs-nav-wrap"
              >
                <div
                  class="ant-tabs-nav-list"
                  style="transform: translate(0px, 0px);"
                >
                  <div
                    class="ant-tabs-tab ant-tabs-tab-active"
                    data-node-key="preferredSites"
                  >
                    <div
                      aria-controls="rc-tabs-test-panel-preferredSites"
                      aria-disabled="false"
                      aria-selected="true"
                      class="ant-tabs-tab-btn"
                      id="rc-tabs-test-tab-preferredSites"
                      role="tab"
                      tabindex="0"
                    >
                      Preferred sites
                    </div>
                  </div>
                  <div
                    class="ant-tabs-tab"
                    data-node-key="sitesContacted"
                  >
                    <div
                      aria-controls="rc-tabs-test-panel-sitesContacted"
                      aria-disabled="false"
                      aria-selected="false"
                      class="ant-tabs-tab-btn"
                      id="rc-tabs-test-tab-sitesContacted"
                      role="tab"
                      tabindex="0"
                    >
                      Sites contacted
                    </div>
                  </div>
                  <div
                    class="ant-tabs-tab"
                    data-node-key="sitesInitiated"
                  >
                    <div
                      aria-controls="rc-tabs-test-panel-sitesInitiated"
                      aria-disabled="false"
                      aria-selected="false"
                      class="ant-tabs-tab-btn"
                      id="rc-tabs-test-tab-sitesInitiated"
                      role="tab"
                      tabindex="0"
                    >
                      Sites initiated
                    </div>
                  </div>
                  <div
                    class="ant-tabs-ink-bar ant-tabs-ink-bar-animated"
                  />
                </div>
              </div>
              <div
                class="ant-tabs-nav-operations ant-tabs-nav-operations-hidden"
              >
                <button
                  aria-controls="rc-tabs-test-more-popup"
                  aria-expanded="false"
                  aria-haspopup="listbox"
                  aria-hidden="true"
                  class="ant-tabs-nav-more"
                  id="rc-tabs-test-more"
                  style="visibility: hidden; order: 1;"
                  tabindex="-1"
                  type="button"
                >
                  <span
                    aria-label="ellipsis"
                    class="anticon anticon-ellipsis"
                    role="img"
                  >
                    <svg
                      aria-hidden="true"
                      data-icon="ellipsis"
                      fill="currentColor"
                      focusable="false"
                      height="1em"
                      viewBox="64 64 896 896"
                      width="1em"
                    >
                      <path
                        d="M176 511a56 56 0 10112 0 56 56 0 10-112 0zm280 0a56 56 0 10112 0 56 56 0 10-112 0zm280 0a56 56 0 10112 0 56 56 0 10-112 0z"
                      />
                    </svg>
                  </span>
                </button>
              </div>
            </div>
            <div
              class="ant-tabs-content-holder"
            >
              <div
                class="ant-tabs-content ant-tabs-content-top"
              >
                <div
                  aria-hidden="false"
                  aria-labelledby="rc-tabs-test-tab-preferredSites"
                  class="ant-tabs-tabpane ant-tabs-tabpane-active"
                  id="rc-tabs-test-panel-preferredSites"
                  role="tabpanel"
                  tabindex="0"
                />
              </div>
            </div>
          </div>
        </div>
        <div
          class="ant-card-body"
        />
      </div>
    </div>
  </div>
</div>
`;
