// Jest Snapshot v1, https://goo.gl/fbAQLP

exports[`create test cases for Indication create snapshot for Indication 1`] = `
<div>
  <div
    class="indication"
  >
    <div
      class="autoComplete-wrapper"
    >
      <span
        class="ant-typography input-lable"
      >
        Medical condition
      </span>
      <div
        class="ant-select ant-select-auto-complete autoComplete-wrapper-input ant-select-single ant-select-show-search"
        style="width: 320px;"
      >
        <div
          class="ant-select-selector"
        >
          <span
            class="ant-select-selection-search"
          >
            <input
              aria-activedescendant="rc_select_TEST_OR_SSR_list_0"
              aria-autocomplete="list"
              aria-controls="rc_select_TEST_OR_SSR_list"
              aria-haspopup="listbox"
              aria-owns="rc_select_TEST_OR_SSR_list"
              autocomplete="off"
              class="ant-select-selection-search-input"
              id="rc_select_TEST_OR_SSR"
              role="combobox"
              type="search"
              value=""
            />
          </span>
          <span
            class="ant-select-selection-placeholder"
          >
            Medical condition
          </span>
        </div>
      </div>
    </div>
    <div
      style="height: 30px;"
    >
      <div
        class="ant-image"
        style="width: 11px; height: 11px;"
      >
        <img
          alt="Indication-add-icon"
          class="ant-image-img"
          height="11"
          src="AddIcon.svg"
          style="height: 11px; cursor: pointer;"
          width="11"
        />
      </div>
    </div>
  </div>
</div>
`;
