// Jest Snapshot v1, https://goo.gl/fbAQLP

exports[`create test cases for ProjectSettings create snapshots for ProjectSetting 1`] = `
<div>
  <div>
    <div
      class="mb"
    >
      <span
        class="ant-typography input-lable"
      >
        Project
      </span>
      <input
        class="ant-input"
        placeholder=""
        style="border-radius: 0px;"
        type="text"
        value=""
      />
    </div>
    <div
      class="mb"
    >
      <span
        class="ant-typography input-lable"
      >
        Client name
      </span>
      <input
        class="ant-input"
        placeholder=""
        style="border-radius: 0px;"
        type="text"
        value=""
      />
    </div>
    <div
      class="mb"
      id=""
    >
      <span
        class="ant-typography text-area-lable"
      >
        Description
      </span>
      <textarea
        class="ant-input text-area-input"
        name=""
        placeholder=""
      />
    </div>
    <div
      class="alignment"
    >
      <span
        class="ant-typography select-lable"
      >
        Sharing
      </span>
      <div
        aria-label="Select-option"
        class="ant-select mb Select-option ant-select-multiple ant-select-show-search"
        name="range"
      >
        <div
          class="ant-select-selector"
        >
          <div
            class="ant-select-selection-overflow"
          >
            <div
              class="ant-select-selection-overflow-item ant-select-selection-overflow-item-suffix"
              style="opacity: 1;"
            >
              <div
                class="ant-select-selection-search"
                style="width: 0px;"
              >
                <input
                  aria-activedescendant="rc_select_TEST_OR_SSR_list_0"
                  aria-autocomplete="list"
                  aria-controls="rc_select_TEST_OR_SSR_list"
                  aria-haspopup="listbox"
                  aria-label="Select-option"
                  aria-owns="rc_select_TEST_OR_SSR_list"
                  autocomplete="off"
                  class="ant-select-selection-search-input"
                  id="rc_select_TEST_OR_SSR"
                  role="combobox"
                  type="search"
                  value=""
                />
                <span
                  aria-hidden="true"
                  class="ant-select-selection-search-mirror"
                >
                  Â 
                </span>
              </div>
            </div>
          </div>
          <span
            class="ant-select-selection-placeholder"
          >
            Select
          </span>
        </div>
      </div>
    </div>
    <button
      class="ant-btn ant-btn-default share-button"
      data-testid="share-button"
      name="Share"
      type="button"
    >
      <svg>
        ShareIcon.svg
      </svg>
      <span>
        Share
      </span>
    </button>
    <div
      style="display: flex;"
    >
      <span
        class="ant-typography label"
      >
        Standards
      </span>
      <span
        class="ant-typography sub-label"
      >
        Standardising markers and value outputs
      </span>
    </div>
    <div
      class="alignment"
    >
      <div
        class="ant-select mb ant-select-single ant-select-show-arrow"
        name="range"
      >
        <div
          class="ant-select-selector"
        >
          <span
            class="ant-select-selection-search"
          >
            <input
              aria-activedescendant="rc_select_TEST_OR_SSR_list_0"
              aria-autocomplete="list"
              aria-controls="rc_select_TEST_OR_SSR_list"
              aria-haspopup="listbox"
              aria-owns="rc_select_TEST_OR_SSR_list"
              autocomplete="off"
              class="ant-select-selection-search-input"
              id="rc_select_TEST_OR_SSR"
              readonly=""
              role="combobox"
              style="opacity: 0;"
              type="search"
              unselectable="on"
              value=""
            />
          </span>
          <span
            class="ant-select-selection-placeholder"
          >
            Select
          </span>
        </div>
        <span
          aria-hidden="true"
          class="ant-select-arrow"
          style="user-select: none;"
          unselectable="on"
        >
          <span
            aria-label="down"
            class="anticon anticon-down ant-select-suffix"
            role="img"
          >
            <svg
              aria-hidden="true"
              data-icon="down"
              fill="currentColor"
              focusable="false"
              height="1em"
              viewBox="64 64 896 896"
              width="1em"
            >
              <path
                d="M884 256h-75c-5.1 0-9.9 2.5-12.9 6.6L512 654.2 227.9 262.6c-3-4.1-7.8-6.6-12.9-6.6h-75c-6.5 0-10.3 7.4-6.5 12.7l352.6 486.1c12.8 17.6 39 17.6 51.7 0l352.6-486.1c3.9-5.3.1-12.7-6.4-12.7z"
              />
            </svg>
          </span>
        </span>
      </div>
    </div>
    <div
      style="display: flex; flex-direction: column;"
    >
      <span
        class="ant-typography label"
      >
        Default measurement
      </span>
    </div>
    <div
      class="ant-segmented ant-segmented-lg"
    >
      <div
        class="ant-segmented-group"
      >
        <label
          class="ant-segmented-item ant-segmented-item-selected"
        >
          <input
            checked=""
            class="ant-segmented-item-input"
            type="radio"
          />
          <div
            class="ant-segmented-item-label"
            title="Metric"
          >
            Metric
          </div>
        </label>
        <label
          class="ant-segmented-item"
        >
          <input
            class="ant-segmented-item-input"
            type="radio"
          />
          <div
            class="ant-segmented-item-label"
            title="Imperial"
          >
            Imperial
          </div>
        </label>
      </div>
    </div>
  </div>
</div>
`;
